root@54bf2a6c9f6f:amazonlinux-2-SpWx-docker-spack $ spack install py-ruamel-yaml-clib ^python@3.10.1
[+] /home/dantopa/spacktivity/amazonlinux-2-SpWx-docker-spack/opt/spack/linux-amzn2-haswell/gcc-7.3.1/libiconv-1.16-o3y36rdp3m766ety5zuclyjunpgov6xm
[+] /home/dantopa/spacktivity/amazonlinux-2-SpWx-docker-spack/opt/spack/linux-amzn2-haswell/gcc-7.3.1/libmd-1.0.3-7tnv64czelz5nrxp4e4czbwdhugjwrv2
[+] /home/dantopa/spacktivity/amazonlinux-2-SpWx-docker-spack/opt/spack/linux-amzn2-haswell/gcc-7.3.1/pkgconf-1.8.0-iybru2yqbexsz5aspqayx5zndfllr6yd
[+] /home/dantopa/spacktivity/amazonlinux-2-SpWx-docker-spack/opt/spack/linux-amzn2-haswell/gcc-7.3.1/xz-5.2.5-zxjhjr5aymhlruwzo6rzlbrmu6ulfcp2
[+] /home/dantopa/spacktivity/amazonlinux-2-SpWx-docker-spack/opt/spack/linux-amzn2-haswell/gcc-7.3.1/zlib-1.2.11-grnngptxrx4mjl2amtjydpwyox6sxb2k
[+] /home/dantopa/spacktivity/amazonlinux-2-SpWx-docker-spack/opt/spack/linux-amzn2-haswell/gcc-7.3.1/libffi-3.3-mz3g7yupqdcaarst3qppuxujfrof47xq
[+] /home/dantopa/spacktivity/amazonlinux-2-SpWx-docker-spack/opt/spack/linux-amzn2-haswell/gcc-7.3.1/berkeley-db-18.1.40-tf5x5e2xdysmspo3nyyawapxbqzeenr3
[+] /home/dantopa/spacktivity/amazonlinux-2-SpWx-docker-spack/opt/spack/linux-amzn2-haswell/gcc-7.3.1/diffutils-3.8-azne57azfynmrv3n4krprtyfsawarnoe
[+] /home/dantopa/spacktivity/amazonlinux-2-SpWx-docker-spack/opt/spack/linux-amzn2-haswell/gcc-7.3.1/tar-1.34-hc67w7lmofxbtpcgjfyvigzl4htbkw7z
[+] /home/dantopa/spacktivity/amazonlinux-2-SpWx-docker-spack/opt/spack/linux-amzn2-haswell/gcc-7.3.1/libbsd-0.11.3-4mpclzaclz2ngqjlgsubtxruafre3kin
[+] /home/dantopa/spacktivity/amazonlinux-2-SpWx-docker-spack/opt/spack/linux-amzn2-haswell/gcc-7.3.1/ncurses-6.2-zq77vonbyxp2b45mzblxjhhescp3fqa7
[+] /home/dantopa/spacktivity/amazonlinux-2-SpWx-docker-spack/opt/spack/linux-amzn2-haswell/gcc-7.3.1/util-linux-uuid-2.36.2-3ddm36qxicbqwautcvifxtenf7irrqbp
[+] /home/dantopa/spacktivity/amazonlinux-2-SpWx-docker-spack/opt/spack/linux-amzn2-haswell/gcc-7.3.1/libxml2-2.9.12-cgilpox6hkrxvevb4qyisp6te3z4jyuc
[+] /home/dantopa/spacktivity/amazonlinux-2-SpWx-docker-spack/opt/spack/linux-amzn2-haswell/gcc-7.3.1/bzip2-1.0.8-rmbt25sw5ikf75acvnmalbaymvnhbj7f
[+] /home/dantopa/spacktivity/amazonlinux-2-SpWx-docker-spack/opt/spack/linux-amzn2-haswell/gcc-7.3.1/expat-2.4.1-ld7lymbdlhywrbtrln3wqckl2d6ztl7n
[+] /home/dantopa/spacktivity/amazonlinux-2-SpWx-docker-spack/opt/spack/linux-amzn2-haswell/gcc-7.3.1/readline-8.1-fhpkrrpilgyckyrmf3s75h2jerbz7vnv
[+] /home/dantopa/spacktivity/amazonlinux-2-SpWx-docker-spack/opt/spack/linux-amzn2-haswell/gcc-7.3.1/gettext-0.21-pyscegw64kivlhydzxt4can2oajbdvns
[+] /home/dantopa/spacktivity/amazonlinux-2-SpWx-docker-spack/opt/spack/linux-amzn2-haswell/gcc-7.3.1/sqlite-3.36.0-a5hig4576hqicc65mxdseaozqcv2rzxj
[+] /home/dantopa/spacktivity/amazonlinux-2-SpWx-docker-spack/opt/spack/linux-amzn2-haswell/gcc-7.3.1/gdbm-1.19-5lan2rprwy56jwjv6b4icf4yp3ctjua4
[+] /home/dantopa/spacktivity/amazonlinux-2-SpWx-docker-spack/opt/spack/linux-amzn2-haswell/gcc-7.3.1/perl-5.34.0-hwysitcbnwj7robaqllmdbsxbsqcp4xw
[+] /home/dantopa/spacktivity/amazonlinux-2-SpWx-docker-spack/opt/spack/linux-amzn2-haswell/gcc-7.3.1/openssl-1.1.1l-qcgojzktlzhwuiifxccxtkhvozydig64
[+] /home/dantopa/spacktivity/amazonlinux-2-SpWx-docker-spack/opt/spack/linux-amzn2-haswell/gcc-7.3.1/python-3.10.1-n4qlomsjrzopnwnpkfkaxis33z436shj
[+] /home/dantopa/spacktivity/amazonlinux-2-SpWx-docker-spack/opt/spack/linux-amzn2-haswell/gcc-7.3.1/py-setuptools-59.4.0-jibv6rbve5cvw3xtfmkwjr5vxqoounya
==> Installing py-ruamel-yaml-clib-0.2.0-vgytz5ezokfn5uuroiti5knpbabm2qpf
==> No binary for py-ruamel-yaml-clib-0.2.0-vgytz5ezokfn5uuroiti5knpbabm2qpf found: installing from source
<string>:3: DeprecationWarning: The distutils package is deprecated and slated for removal in Python 3.12. Use setuptools or check PEP 632 for potential alternatives
<string>:3: DeprecationWarning: The distutils.sysconfig module is deprecated, use sysconfig instead
==> Using cached archive: /home/dantopa/spacktivity/amazonlinux-2-SpWx-docker-spack/var/spack/cache/_source-cache/archive/b6/b66832ea8077d9b3f6e311c4a53d06273db5dc2db6e8a908550f3c14d67e718c.tar.gz
==> No patches needed for py-ruamel-yaml-clib
==> py-ruamel-yaml-clib: Executing phase: 'build'
==> Error: ProcessError: Command exited with status 1:
    '/home/dantopa/spacktivity/amazonlinux-2-SpWx-docker-spack/opt/spack/linux-amzn2-haswell/gcc-7.3.1/python-3.10.1-n4qlomsjrzopnwnpkfkaxis33z436shj/bin/python3.10' '-s' 'setup.py' '--no-user-cfg' 'build'

5 errors found in build log:
     410    In file included from _ruamel_yaml.h:2:0,
     411                     from _ruamel_yaml.c:596:
     412    yaml.h:635:1: note: expected 'yaml_char_t * {aka unsigned char *}' but argument is of type 'char *'
     413     yaml_mapping_start_event_initialize(yaml_event_t *event,
     414     ^~~~~~~~~~~~~~~~~~~~~~~~~~~~~~~~~~~
     415    _ruamel_yaml.c: In function '__pyx_tp_dealloc_12_ruamel_yaml_CParser':
  >> 416    _ruamel_yaml.c:23880:5: error: lvalue required as increment operand
     417         ++Py_REFCNT(o);
     418         ^~
  >> 419    _ruamel_yaml.c:23882:5: error: lvalue required as decrement operand
     420         --Py_REFCNT(o);
     421         ^~
     422    _ruamel_yaml.c: In function '__pyx_tp_dealloc_12_ruamel_yaml_CEmitter':
  >> 423    _ruamel_yaml.c:24053:5: error: lvalue required as increment operand
     424         ++Py_REFCNT(o);
     425         ^~
  >> 426    _ruamel_yaml.c:24055:5: error: lvalue required as decrement operand
     427         --Py_REFCNT(o);
     428         ^~
     429    _ruamel_yaml.c: In function '__Pyx_ParseOptionalKeywords':
     430    _ruamel_yaml.c:26224:21: warning: '_PyUnicode_get_wstr_length' is deprecated [-Wdeprecated-declarations]
     431                         (PyUnicode_GET_SIZE(**name) != PyUnicode_GET_SIZE(key)) ? 1 :
     432                         ^

     ...

     532    In file included from /home/dantopa/spacktivity/amazonlinux-2-SpWx-docker-spack/opt/spack/linux-amzn2-haswell/gcc-7.3.1/python-3.10.1-n4qlomsjrzopnwnpkfkaxis33z436shj/i
            nclude/python3.10/unicodeobject.h:1046:0,
     533                     from /home/dantopa/spacktivity/amazonlinux-2-SpWx-docker-spack/opt/spack/linux-amzn2-haswell/gcc-7.3.1/python-3.10.1-n4qlomsjrzopnwnpkfkaxis33z436shj/i
            nclude/python3.10/Python.h:83,
     534                     from _ruamel_yaml.c:4:
     535    /home/dantopa/spacktivity/amazonlinux-2-SpWx-docker-spack/opt/spack/linux-amzn2-haswell/gcc-7.3.1/python-3.10.1-n4qlomsjrzopnwnpkfkaxis33z436shj/include/python3.10/cpyt
            hon/unicodeobject.h:446:26: note: declared here
     536     static inline Py_ssize_t _PyUnicode_get_wstr_length(PyObject *op) {
     537                              ^~~~~~~~~~~~~~~~~~~~~~~~~~
  >> 538    error: command '/home/dantopa/spacktivity/amazonlinux-2-SpWx-docker-spack/lib/spack/env/gcc/gcc' failed with exit code 1

See build log for details:
  /tmp/dantopa/spack-stage/spack-stage-py-ruamel-yaml-clib-0.2.0-vgytz5ezokfn5uuroiti5knpbabm2qpf/spack-build-out.txt

root@54bf2a6c9f6f:amazonlinux-2-SpWx-docker-spack $ spack install py-ruamel-yaml ^python@3.10.1
[+] /home/dantopa/spacktivity/amazonlinux-2-SpWx-docker-spack/opt/spack/linux-amzn2-haswell/gcc-7.3.1/libiconv-1.16-o3y36rdp3m766ety5zuclyjunpgov6xm
[+] /home/dantopa/spacktivity/amazonlinux-2-SpWx-docker-spack/opt/spack/linux-amzn2-haswell/gcc-7.3.1/libmd-1.0.3-7tnv64czelz5nrxp4e4czbwdhugjwrv2
[+] /home/dantopa/spacktivity/amazonlinux-2-SpWx-docker-spack/opt/spack/linux-amzn2-haswell/gcc-7.3.1/pkgconf-1.8.0-iybru2yqbexsz5aspqayx5zndfllr6yd
[+] /home/dantopa/spacktivity/amazonlinux-2-SpWx-docker-spack/opt/spack/linux-amzn2-haswell/gcc-7.3.1/xz-5.2.5-zxjhjr5aymhlruwzo6rzlbrmu6ulfcp2
[+] /home/dantopa/spacktivity/amazonlinux-2-SpWx-docker-spack/opt/spack/linux-amzn2-haswell/gcc-7.3.1/zlib-1.2.11-grnngptxrx4mjl2amtjydpwyox6sxb2k
[+] /home/dantopa/spacktivity/amazonlinux-2-SpWx-docker-spack/opt/spack/linux-amzn2-haswell/gcc-7.3.1/libffi-3.3-mz3g7yupqdcaarst3qppuxujfrof47xq
[+] /home/dantopa/spacktivity/amazonlinux-2-SpWx-docker-spack/opt/spack/linux-amzn2-haswell/gcc-7.3.1/berkeley-db-18.1.40-tf5x5e2xdysmspo3nyyawapxbqzeenr3
[+] /home/dantopa/spacktivity/amazonlinux-2-SpWx-docker-spack/opt/spack/linux-amzn2-haswell/gcc-7.3.1/diffutils-3.8-azne57azfynmrv3n4krprtyfsawarnoe
[+] /home/dantopa/spacktivity/amazonlinux-2-SpWx-docker-spack/opt/spack/linux-amzn2-haswell/gcc-7.3.1/tar-1.34-hc67w7lmofxbtpcgjfyvigzl4htbkw7z
[+] /home/dantopa/spacktivity/amazonlinux-2-SpWx-docker-spack/opt/spack/linux-amzn2-haswell/gcc-7.3.1/libbsd-0.11.3-4mpclzaclz2ngqjlgsubtxruafre3kin
[+] /home/dantopa/spacktivity/amazonlinux-2-SpWx-docker-spack/opt/spack/linux-amzn2-haswell/gcc-7.3.1/util-linux-uuid-2.36.2-3ddm36qxicbqwautcvifxtenf7irrqbp
[+] /home/dantopa/spacktivity/amazonlinux-2-SpWx-docker-spack/opt/spack/linux-amzn2-haswell/gcc-7.3.1/ncurses-6.2-zq77vonbyxp2b45mzblxjhhescp3fqa7
[+] /home/dantopa/spacktivity/amazonlinux-2-SpWx-docker-spack/opt/spack/linux-amzn2-haswell/gcc-7.3.1/libxml2-2.9.12-cgilpox6hkrxvevb4qyisp6te3z4jyuc
[+] /home/dantopa/spacktivity/amazonlinux-2-SpWx-docker-spack/opt/spack/linux-amzn2-haswell/gcc-7.3.1/bzip2-1.0.8-rmbt25sw5ikf75acvnmalbaymvnhbj7f
[+] /home/dantopa/spacktivity/amazonlinux-2-SpWx-docker-spack/opt/spack/linux-amzn2-haswell/gcc-7.3.1/expat-2.4.1-ld7lymbdlhywrbtrln3wqckl2d6ztl7n
[+] /home/dantopa/spacktivity/amazonlinux-2-SpWx-docker-spack/opt/spack/linux-amzn2-haswell/gcc-7.3.1/readline-8.1-fhpkrrpilgyckyrmf3s75h2jerbz7vnv
[+] /home/dantopa/spacktivity/amazonlinux-2-SpWx-docker-spack/opt/spack/linux-amzn2-haswell/gcc-7.3.1/gettext-0.21-pyscegw64kivlhydzxt4can2oajbdvns
[+] /home/dantopa/spacktivity/amazonlinux-2-SpWx-docker-spack/opt/spack/linux-amzn2-haswell/gcc-7.3.1/gdbm-1.19-5lan2rprwy56jwjv6b4icf4yp3ctjua4
[+] /home/dantopa/spacktivity/amazonlinux-2-SpWx-docker-spack/opt/spack/linux-amzn2-haswell/gcc-7.3.1/sqlite-3.36.0-a5hig4576hqicc65mxdseaozqcv2rzxj
[+] /home/dantopa/spacktivity/amazonlinux-2-SpWx-docker-spack/opt/spack/linux-amzn2-haswell/gcc-7.3.1/perl-5.34.0-hwysitcbnwj7robaqllmdbsxbsqcp4xw
[+] /home/dantopa/spacktivity/amazonlinux-2-SpWx-docker-spack/opt/spack/linux-amzn2-haswell/gcc-7.3.1/openssl-1.1.1l-qcgojzktlzhwuiifxccxtkhvozydig64
[+] /home/dantopa/spacktivity/amazonlinux-2-SpWx-docker-spack/opt/spack/linux-amzn2-haswell/gcc-7.3.1/python-3.10.1-n4qlomsjrzopnwnpkfkaxis33z436shj
[+] /home/dantopa/spacktivity/amazonlinux-2-SpWx-docker-spack/opt/spack/linux-amzn2-haswell/gcc-7.3.1/py-setuptools-59.4.0-jibv6rbve5cvw3xtfmkwjr5vxqoounya
==> Installing py-ruamel-yaml-0.17.16-h2mqojm3iszytlfv5ckeewn56yllqnap
==> No binary for py-ruamel-yaml-0.17.16-h2mqojm3iszytlfv5ckeewn56yllqnap found: installing from source
<string>:3: DeprecationWarning: The distutils package is deprecated and slated for removal in Python 3.12. Use setuptools or check PEP 632 for potential alternatives
<string>:3: DeprecationWarning: The distutils.sysconfig module is deprecated, use sysconfig instead
==> Fetching https://mirror.spack.io/_source-cache/archive/1a/1a771fc92d3823682b7f0893ad56cb5a5c87c48e62b5399d6f42c8759a583b33.tar.gz
==> No patches needed for py-ruamel-yaml
==> py-ruamel-yaml: Executing phase: 'build'
==> py-ruamel-yaml: Executing phase: 'install'
==> py-ruamel-yaml: Successfully installed py-ruamel-yaml-0.17.16-h2mqojm3iszytlfv5ckeewn56yllqnap
  Fetch: 1.13s.  Build: 0.57s.  Total: 1.71s.
[+] /home/dantopa/spacktivity/amazonlinux-2-SpWx-docker-spack/opt/spack/linux-amzn2-haswell/gcc-7.3.1/py-ruamel-yaml-0.17.16-h2mqojm3iszytlfv5ckeewn56yllqnap
root@54bf2a6c9f6f:amazonlinux-2-SpWx-docker-spack $ date
Tue Jan  4 20:35:06 UTC 2022
root@54bf2a6c9f6f:amazonlinux-2-SpWx-docker-spack $ uname -a
Linux 54bf2a6c9f6f 5.10.76-linuxkit #1 SMP Mon Nov 8 10:21:19 UTC 2021 x86_64 x86_64 x86_64 GNU/Linux
root@54bf2a6c9f6f:amazonlinux-2-SpWx-docker-spack $ lsb_release -a
LSB Version:	:core-4.1-amd64:core-4.1-noarch:cxx-4.1-amd64:cxx-4.1-noarch:desktop-4.1-amd64:desktop-4.1-noarch:languages-4.1-amd64:languages-4.1-noarch:printing-4.1-amd64:printing-4.1-noarch
Distributor ID:	Amazon
Description:	Amazon Linux release 2 (Karoo)
Release:	2
Codename:	Karoo
